19:22:43.643 [NamespaceSystem-akka.actor.default-dispatcher-5] INFO akka.event.slf4j.Slf4jLogger - Slf4jLogger started
19:22:43.880 [main] INFO com.firebase.server.forge.App$ - Listening at 127.0.0.1:9000
19:23:09.781 [NamespaceSystem-akka.actor.default-dispatcher-5] INFO com.firebase.core.namespace.NamespaceActor - demo-dot-social-default-rtdb successfully activated FBKV (SurveyIdle(0)) wait: 747ms, init: 0ms
19:23:12.057 [NamespaceSystem-blocking-namespace-operation-dispatcher-7] INFO com.firebase.core.namespace.StateManager - Namespace demo-dot-social-default-rtdb status Active to Active
19:31:05.401 [FirebaseWorkerPool-1-3] WARN com.firebase.core.persistence.backend.dummy.EmulatorMetadataPersistence - Multiple projectIds are not recommended in single project mode. Requested 
namespace demo-dot-social, but the emulator is configured for demo-dot-social-default-rtdb. To 
opt-out of single project mode add/set the singleProjectMode: false property in 
the firebase.json emulators config. 
19:31:05.472 [NamespaceSystem-akka.actor.default-dispatcher-11] INFO com.firebase.core.namespace.NamespaceActor - demo-dot-social successfully activated FBKV (SurveyIdle(0)) wait: 18ms, init: 0ms
19:31:05.866 [NamespaceSystem-blocking-namespace-operation-dispatcher-12] INFO com.firebase.core.namespace.StateManager - Namespace demo-dot-social status Active to Active
19:31:08.929 [FirebaseWorkerPool-1-1] WARN com.firebase.server.forge.App$ - Received service account token eyJh...9fQ., assuming ownership.
19:31:09.627 [FirebaseWorkerPool-1-3] WARN com.firebase.server.forge.App$ - Received service account token eyJh...9fQ., assuming ownership.
19:31:09.897 [FirebaseWorkerPool-1-1] WARN com.firebase.server.forge.App$ - Received service account token eyJh...9fQ., assuming ownership.
19:31:10.107 [FirebaseWorkerPool-1-3] WARN com.firebase.server.forge.App$ - Received service account token eyJh...9fQ., assuming ownership.
19:31:10.311 [FirebaseWorkerPool-1-1] WARN com.firebase.server.forge.App$ - Received service account token eyJh...9fQ., assuming ownership.
19:31:10.501 [FirebaseWorkerPool-1-3] WARN com.firebase.server.forge.App$ - Received service account token eyJh...9fQ., assuming ownership.
19:31:10.661 [FirebaseWorkerPool-1-1] WARN com.firebase.server.forge.App$ - Received service account token eyJh...9fQ., assuming ownership.
19:31:10.866 [FirebaseWorkerPool-1-3] WARN com.firebase.server.forge.App$ - Received service account token eyJh...9fQ., assuming ownership.
19:32:26.379 [NamespaceSystem-blocking-namespace-operation-dispatcher-18] INFO com.firebase.core.namespace.StateManager - Namespace demo-dot-social-default-rtdb status Active to Active
19:32:27.233 [NamespaceSystem-blocking-namespace-operation-dispatcher-18] INFO com.firebase.core.namespace.StateManager - Namespace demo-dot-social status Active to Active
19:32:27.385 [FirebaseWorkerPool-1-3] WARN com.firebase.server.forge.App$ - Received service account token eyJh...9fQ., assuming ownership.
19:32:27.558 [FirebaseWorkerPool-1-1] WARN com.firebase.server.forge.App$ - Received service account token eyJh...9fQ., assuming ownership.
19:32:27.699 [FirebaseWorkerPool-1-3] WARN com.firebase.server.forge.App$ - Received service account token eyJh...9fQ., assuming ownership.
19:32:27.792 [FirebaseWorkerPool-1-4] WARN com.firebase.server.forge.App$ - Received service account token eyJh...X19., assuming ownership.
19:32:27.950 [FirebaseWorkerPool-1-2] WARN com.firebase.server.forge.App$ - Received service account token eyJh...9fQ., assuming ownership.
19:32:28.030 [FirebaseWorkerPool-1-3] WARN com.firebase.server.forge.App$ - Received service account token eyJh...9fQ., assuming ownership.
19:32:28.107 [FirebaseWorkerPool-1-1] WARN com.firebase.server.forge.App$ - Received service account token eyJh...9fQ., assuming ownership.
19:32:28.233 [FirebaseWorkerPool-1-2] WARN com.firebase.server.forge.App$ - Received service account token eyJh...X19., assuming ownership.
19:32:28.375 [FirebaseWorkerPool-1-4] WARN com.firebase.server.forge.App$ - Received service account token eyJh...9fQ., assuming ownership.
19:32:28.452 [FirebaseWorkerPool-1-1] WARN com.firebase.server.forge.App$ - Received service account token eyJh...X19., assuming ownership.
19:32:28.546 [FirebaseWorkerPool-1-3] WARN com.firebase.server.forge.App$ - Received service account token eyJh...9fQ., assuming ownership.
19:32:28.609 [FirebaseWorkerPool-1-4] WARN com.firebase.server.forge.App$ - Received service account token eyJh...X19., assuming ownership.
19:32:29.154 [FirebaseWorkerPool-1-2] WARN com.firebase.server.forge.App$ - Received service account token eyJh...9fQ., assuming ownership.
19:32:29.217 [FirebaseWorkerPool-1-3] WARN com.firebase.server.forge.App$ - Received service account token eyJh...X19., assuming ownership.
19:32:29.841 [FirebaseWorkerPool-1-1] WARN com.firebase.server.forge.App$ - Received service account token eyJh...9fQ., assuming ownership.
19:32:29.903 [FirebaseWorkerPool-1-2] WARN com.firebase.server.forge.App$ - Received service account token eyJh...X19., assuming ownership.
19:32:30.091 [FirebaseWorkerPool-1-3] WARN com.firebase.server.forge.App$ - Received service account token eyJh...9fQ., assuming ownership.
19:32:30.138 [FirebaseWorkerPool-1-4] WARN com.firebase.server.forge.App$ - Received service account token eyJh...9fQ., assuming ownership.
19:39:45.960 [NamespaceSystem-blocking-namespace-operation-dispatcher-44] INFO com.firebase.core.namespace.StateManager - Namespace demo-dot-social-default-rtdb status Active to Active
19:39:48.034 [NamespaceSystem-blocking-namespace-operation-dispatcher-45] INFO com.firebase.core.namespace.StateManager - Namespace demo-dot-social status Active to Active
19:39:48.154 [FirebaseWorkerPool-1-4] WARN com.firebase.server.forge.App$ - Received service account token eyJh...9fQ., assuming ownership.
19:39:48.248 [FirebaseWorkerPool-1-2] WARN com.firebase.server.forge.App$ - Received service account token eyJh...9fQ., assuming ownership.
19:39:48.342 [FirebaseWorkerPool-1-4] WARN com.firebase.server.forge.App$ - Received service account token eyJh...9fQ., assuming ownership.
19:39:48.388 [FirebaseWorkerPool-1-1] WARN com.firebase.server.forge.App$ - Received service account token eyJh...X19., assuming ownership.
19:39:48.498 [FirebaseWorkerPool-1-3] WARN com.firebase.server.forge.App$ - Received service account token eyJh...9fQ., assuming ownership.
19:39:48.560 [FirebaseWorkerPool-1-4] WARN com.firebase.server.forge.App$ - Received service account token eyJh...9fQ., assuming ownership.
19:39:48.621 [FirebaseWorkerPool-1-2] WARN com.firebase.server.forge.App$ - Received service account token eyJh...9fQ., assuming ownership.
19:39:48.669 [FirebaseWorkerPool-1-3] WARN com.firebase.server.forge.App$ - Received service account token eyJh...X19., assuming ownership.
19:39:48.763 [FirebaseWorkerPool-1-1] WARN com.firebase.server.forge.App$ - Received service account token eyJh...9fQ., assuming ownership.
19:39:48.812 [FirebaseWorkerPool-1-2] WARN com.firebase.server.forge.App$ - Received service account token eyJh...X19., assuming ownership.
19:39:48.887 [FirebaseWorkerPool-1-4] WARN com.firebase.server.forge.App$ - Received service account token eyJh...9fQ., assuming ownership.
19:39:48.935 [FirebaseWorkerPool-1-1] WARN com.firebase.server.forge.App$ - Received service account token eyJh...X19., assuming ownership.
19:39:49.323 [FirebaseWorkerPool-1-3] WARN com.firebase.server.forge.App$ - Received service account token eyJh...9fQ., assuming ownership.
19:39:49.369 [FirebaseWorkerPool-1-4] WARN com.firebase.server.forge.App$ - Received service account token eyJh...X19., assuming ownership.
19:39:49.758 [FirebaseWorkerPool-1-2] WARN com.firebase.server.forge.App$ - Received service account token eyJh...9fQ., assuming ownership.
19:39:49.805 [FirebaseWorkerPool-1-3] WARN com.firebase.server.forge.App$ - Received service account token eyJh...X19., assuming ownership.
19:39:49.945 [FirebaseWorkerPool-1-4] WARN com.firebase.server.forge.App$ - Received service account token eyJh...9fQ., assuming ownership.
19:39:49.991 [FirebaseWorkerPool-1-1] WARN com.firebase.server.forge.App$ - Received service account token eyJh...9fQ., assuming ownership.
19:41:10.161 [NamespaceSystem-blocking-namespace-operation-dispatcher-47] INFO com.firebase.core.namespace.StateManager - Namespace demo-dot-social status Active to Active
19:41:10.241 [FirebaseWorkerPool-1-4] WARN com.firebase.server.forge.App$ - Received service account token eyJh...9fQ., assuming ownership.
19:41:10.336 [FirebaseWorkerPool-1-2] WARN com.firebase.server.forge.App$ - Received service account token eyJh...9fQ., assuming ownership.
19:41:10.415 [FirebaseWorkerPool-1-4] WARN com.firebase.server.forge.App$ - Received service account token eyJh...9fQ., assuming ownership.
19:41:10.462 [FirebaseWorkerPool-1-1] WARN com.firebase.server.forge.App$ - Received service account token eyJh...X19., assuming ownership.
19:41:10.571 [FirebaseWorkerPool-1-3] WARN com.firebase.server.forge.App$ - Received service account token eyJh...9fQ., assuming ownership.
19:41:10.634 [FirebaseWorkerPool-1-4] WARN com.firebase.server.forge.App$ - Received service account token eyJh...9fQ., assuming ownership.
19:41:10.712 [FirebaseWorkerPool-1-2] WARN com.firebase.server.forge.App$ - Received service account token eyJh...9fQ., assuming ownership.
19:41:10.760 [FirebaseWorkerPool-1-3] WARN com.firebase.server.forge.App$ - Received service account token eyJh...X19., assuming ownership.
19:41:10.836 [FirebaseWorkerPool-1-1] WARN com.firebase.server.forge.App$ - Received service account token eyJh...9fQ., assuming ownership.
19:41:10.885 [FirebaseWorkerPool-1-2] WARN com.firebase.server.forge.App$ - Received service account token eyJh...X19., assuming ownership.
19:41:10.962 [FirebaseWorkerPool-1-4] WARN com.firebase.server.forge.App$ - Received service account token eyJh...9fQ., assuming ownership.
19:41:11.010 [FirebaseWorkerPool-1-1] WARN com.firebase.server.forge.App$ - Received service account token eyJh...X19., assuming ownership.
19:41:11.400 [FirebaseWorkerPool-1-3] WARN com.firebase.server.forge.App$ - Received service account token eyJh...9fQ., assuming ownership.
19:41:11.446 [FirebaseWorkerPool-1-4] WARN com.firebase.server.forge.App$ - Received service account token eyJh...X19., assuming ownership.
19:41:11.851 [FirebaseWorkerPool-1-2] WARN com.firebase.server.forge.App$ - Received service account token eyJh...9fQ., assuming ownership.
19:41:11.898 [FirebaseWorkerPool-1-3] WARN com.firebase.server.forge.App$ - Received service account token eyJh...X19., assuming ownership.
19:41:12.022 [FirebaseWorkerPool-1-4] WARN com.firebase.server.forge.App$ - Received service account token eyJh...9fQ., assuming ownership.
19:41:12.068 [FirebaseWorkerPool-1-1] WARN com.firebase.server.forge.App$ - Received service account token eyJh...9fQ., assuming ownership.
19:41:12.239 [FirebaseWorkerPool-1-3] WARN com.firebase.server.forge.App$ - Received service account token eyJh...9fQ., assuming ownership.
19:41:12.335 [FirebaseWorkerPool-1-2] WARN com.firebase.server.forge.App$ - Received service account token eyJh...9fQ., assuming ownership.
19:41:12.335 [FirebaseWorkerPool-1-1] WARN com.firebase.server.forge.App$ - Received service account token eyJh...9fQ., assuming ownership.
19:41:12.335 [FirebaseWorkerPool-1-4] WARN com.firebase.server.forge.App$ - Received service account token eyJh...9fQ., assuming ownership.
19:41:12.335 [FirebaseWorkerPool-1-3] WARN com.firebase.server.forge.App$ - Received service account token eyJh...9fQ., assuming ownership.
19:41:12.335 [FirebaseWorkerPool-1-2] WARN com.firebase.server.forge.App$ - Received service account token eyJh...9fQ., assuming ownership.
19:41:12.335 [FirebaseWorkerPool-1-4] WARN com.firebase.server.forge.App$ - Received service account token eyJh...9fQ., assuming ownership.
19:41:12.335 [FirebaseWorkerPool-1-1] WARN com.firebase.server.forge.App$ - Received service account token eyJh...9fQ., assuming ownership.
19:41:12.335 [FirebaseWorkerPool-1-3] WARN com.firebase.server.forge.App$ - Received service account token eyJh...9fQ., assuming ownership.
19:41:12.336 [FirebaseWorkerPool-1-1] WARN com.firebase.server.forge.App$ - Received service account token eyJh...9fQ., assuming ownership.
